// Jest Snapshot v1, https://goo.gl/fbAQLP

exports[`reducers initializes reducers with default state 1`] = `
Object {
  "conf": Object {
    "configurableProjectName": false,
    "default_target": null,
    "play_control": "none",
    "projectName": undefined,
    "purge_products": false,
    "slides_control": "default",
  },
  "data": Object {
    "config": Object {},
    "items": Object {},
  },
  "network": Object {
    "firebase": "disconnected",
    "status": "offline",
  },
  "products": Array [],
  "tasks": Object {
    "list": Object {},
  },
}
`;
