// Jest Snapshot v1, https://goo.gl/fbAQLP

exports[`main module has expected properties 1`] = `
Array [
  "convert",
  "netScan",
  "screens",
  "selectors",
  "time",
  "useAutoPlay",
  "useWatch",
  "wrapAutoPlay",
  "BgIcon",
  "Bytes",
  "ImageCard",
  "NetworkIcon",
  "ObjectLink",
  "PlayPause",
  "PrevNext",
  "Redirect",
  "SpriteCube",
  "StatusIcon",
  "BaseView",
  "WikiView",
  "AppConfiguration",
  "AppState",
  "Controller",
  "ErrorHandler",
  "InitialLoadWrapper",
  "ListObjects",
  "RequiredLoadOnceWrapper",
  "RequiredLoadWrapper",
  "SafeThemeProvider",
  "ThemeProvider",
  "ifRequiredLoaded",
  "withErrorHandler",
]
`;
